using Microsoft.Data.Entity;
using Microsoft.Data.Entity.Metadata;

namespace E2E.Sqlite
{
    public partial class ModelContext : DbContext
    {
        protected override void OnConfiguring(DbContextOptionsBuilder options)
        {
            options.UseSqlite(@"Data Source=ManyToManyFluentApi.db;Cache=Private");
        }

        protected override void OnModelCreating(ModelBuilder modelBuilder)
        {
            modelBuilder.Entity<Users_Groups>(entity =>
            {
                entity.Reference(d => d.Group).InverseCollection(p => p.Users_Groups).ForeignKey(d => d.GroupId);

                entity.Reference(d => d.User).InverseCollection(p => p.Users_Groups).ForeignKey(d => d.UserId);
            });
        }

        public virtual DbSet<Groups> Groups { get; set; }
        public virtual DbSet<Users> Users { get; set; }
        public virtual DbSet<Users_Groups> Users_Groups { get; set; }
    }
}