// Unable to generate EntityType TableWithUnmappablePrimaryKeyColumn. Unable to identify any primary key columns in the underlying SQL Server table [dbo].[TableWithUnmappablePrimaryKeyColumn].
